Assignment-1
--------------------------------------------------------------------------------------------------------------------------------------------------------------------


Q1. Explore the following commands with various options, refer man pages for 
    further help a) date b) cal c) bc d) echo e) who f) whoami g) logname g) uname h)
    seq i) clear
a)Date command
Prof. Bapat@Jadhav-PC ~
$ date
Tue Sep  8 20:31:34 IST 2020

Prof. Bapat@Jadhav-PC ~
$ date +%a
Tue

Prof. Bapat@Jadhav-PC ~
$ date +%A
Tuesday

Prof. Bapat@Jadhav-PC ~
$ date +%b
Sep

Prof. Bapat@Jadhav-PC ~
$ date +%D
09/08/20

Prof. Bapat@Jadhav-PC ~
$ date +%d
08

Prof. Bapat@Jadhav-PC ~
$ date +%f
%f

Prof. Bapat@Jadhav-PC ~
$ date +%F
2020-09-08

Prof. Bapat@Jadhav-PC ~
$ date +%T
20:31:34 


Prof. Bapat@Jadhav-PC ~
$ date +%B%d%y
September0820

Prof. Bapat@Jadhav-PC ~
$ date +%B" "%d" "%y" "%T
September 08 20 20:31:34

Prof. Bapat@Jadhav-PC ~
$ date +%B" "%d" "%y" "%t
September 08 20

b) Calendar Command----



Prof. Bapat@Jadhav-PC ~
$ cal
   September 2020
Su Mo Tu We Th Fr Sa
       1  2  3  4  5
 6  7  8  9 10 11 12
13 14 15 16 17 18 19
20 21 22 23 24 25 26
27 28 29 30


Prof. Bapat@Jadhav-PC ~
$ cal sep 2020
   September 2020
Su Mo Tu We Th Fr Sa
       1  2  3  4  5
 6  7  8  9 10 11 12
13 14 15 16 17 18 19
20 21 22 23 24 25 26
27 28 29 30


Prof. Bapat@Jadhav-PC ~
$ cal jan 2020
    January 2020
Su Mo Tu We Th Fr Sa
          1  2  3  4
 5  6  7  8  9 10 11
12 13 14 15 16 17 18
19 20 21 22 23 24 25
26 27 28 29 30 31

Prof. Bapat@Jadhav-PC ~
$ cal jun 2020
      June 2020
Su Mo Tu We Th Fr Sa
    1  2  3  4  5  6
 7  8  9 10 11 12 13
14 15 16 17 18 19 20
21 22 23 24 25 26 27
28 29 30


Prof. Bapat@Jadhav-PC ~
$ cal -m1 2020
   January 2020
Mo Tu We Th Fr Sa Su
    1  2  3  4  5  6
 7  8  9 10 11 12 13
14 15 16 17 18 19 20
21 22 23 24 25 26 27
28 29 30




Prof. Bapat@Jadhav-PC ~
$ cal 2018
                               2018

       January               February                 March
Su Mo Tu We Th Fr Sa   Su Mo Tu We Th Fr Sa   Su Mo Tu We Th Fr Sa
    1  2  3  4  5  6                1  2  3                1  2  3
 7  8  9 10 11 12 13    4  5  6  7  8  9 10    4  5  6  7  8  9 10
14 15 16 17 18 19 20   11 12 13 14 15 16 17   11 12 13 14 15 16 17
21 22 23 24 25 26 27   18 19 20 21 22 23 24   18 19 20 21 22 23 24
28 29 30 31            25 26 27 28            25 26 27 28 29 30 31

        April                   May                   June
Su Mo Tu We Th Fr Sa   Su Mo Tu We Th Fr Sa   Su Mo Tu We Th Fr Sa
 1  2  3  4  5  6  7          1  2  3  4  5                   1  2
 8  9 10 11 12 13 14    6  7  8  9 10 11 12    3  4  5  6  7  8  9
15 16 17 18 19 20 21   13 14 15 16 17 18 19   10 11 12 13 14 15 16
22 23 24 25 26 27 28   20 21 22 23 24 25 26   17 18 19 20 21 22 23
29 30                  27 28 29 30 31         24 25 26 27 28 29 30

        July                  August                September
Su Mo Tu We Th Fr Sa   Su Mo Tu We Th Fr Sa   Su Mo Tu We Th Fr Sa
 1  2  3  4  5  6  7             1  2  3  4                      1
 8  9 10 11 12 13 14    5  6  7  8  9 10 11    2  3  4  5  6  7  8
15 16 17 18 19 20 21   12 13 14 15 16 17 18    9 10 11 12 13 14 15
22 23 24 25 26 27 28   19 20 21 22 23 24 25   16 17 18 19 20 21 22
29 30 31               26 27 28 29 30 31      23 24 25 26 27 28 29
                                              30
       October               November               December
Su Mo Tu We Th Fr Sa   Su Mo Tu We Th Fr Sa   Su Mo Tu We Th Fr Sa
    1  2  3  4  5  6                1  2  3                      1
 7  8  9 10 11 12 13    4  5  6  7  8  9 10    2  3  4  5  6  7  8
14 15 16 17 18 19 20   11 12 13 14 15 16 17    9 10 11 12 13 14 15
21 22 23 24 25 26 27   18 19 20 21 22 23 24   16 17 18 19 20 21 22
28 29 30 31            25 26 27 28 29 30      23 24 25 26 27 28 29
                                              30 31

Prof. Bapat@Jadhav-PC ~
$ cal 5
                               0005

       January               February                 March
Su Mo Tu We Th Fr Sa   Su Mo Tu We Th Fr Sa   Su Mo Tu We Th Fr Sa
             1  2  3    1  2  3  4  5  6  7    1  2  3  4  5  6  7
 4  5  6  7  8  9 10    8  9 10 11 12 13 14    8  9 10 11 12 13 14
11 12 13 14 15 16 17   15 16 17 18 19 20 21   15 16 17 18 19 20 21
18 19 20 21 22 23 24   22 23 24 25 26 27 28   22 23 24 25 26 27 28
25 26 27 28 29 30 31                          29 30 31

        April                   May                   June
Su Mo Tu We Th Fr Sa   Su Mo Tu We Th Fr Sa   Su Mo Tu We Th Fr Sa
          1  2  3  4                   1  2       1  2  3  4  5  6
 5  6  7  8  9 10 11    3  4  5  6  7  8  9    7  8  9 10 11 12 13
12 13 14 15 16 17 18   10 11 12 13 14 15 16   14 15 16 17 18 19 20
19 20 21 22 23 24 25   17 18 19 20 21 22 23   21 22 23 24 25 26 27
26 27 28 29 30         24 25 26 27 28 29 30   28 29 30
                       31
        July                  August                September
Su Mo Tu We Th Fr Sa   Su Mo Tu We Th Fr Sa   Su Mo Tu We Th Fr Sa
          1  2  3  4                      1          1  2  3  4  5
 5  6  7  8  9 10 11    2  3  4  5  6  7  8    6  7  8  9 10 11 12
12 13 14 15 16 17 18    9 10 11 12 13 14 15   13 14 15 16 17 18 19
19 20 21 22 23 24 25   16 17 18 19 20 21 22   20 21 22 23 24 25 26
26 27 28 29 30 31      23 24 25 26 27 28 29   27 28 29 30
                       30 31
       October               November               December
Su Mo Tu We Th Fr Sa   Su Mo Tu We Th Fr Sa   Su Mo Tu We Th Fr Sa
             1  2  3    1  2  3  4  5  6  7          1  2  3  4  5
 4  5  6  7  8  9 10    8  9 10 11 12 13 14    6  7  8  9 10 11 12
11 12 13 14 15 16 17   15 16 17 18 19 20 21   13 14 15 16 17 18 19
18 19 20 21 22 23 24   22 23 24 25 26 27 28   20 21 22 23 24 25 26
25 26 27 28 29 30 31   29 30                  27 28 29 30 31


Prof. Bapat@Jadhav-PC ~
$ cal -1
   September 2020
Su Mo Tu We Th Fr Sa
       1  2  3  4  5
 6  7  8  9 10 11 12
13 14 15 16 17 18 19
20 21 22 23 24 25 26
27 28 29 30
 

c)Echo Command---


Prof. Bapat@Jadhav-PC ~
$ echo Hello
Hello

Prof. Bapat@Jadhav-PC ~
$ echo Hello World
Hello World

Prof. Bapat@Jadhav-PC ~
$ echo -e "Hello \bWorld"
HelloWorld

Prof. Bapat@Jadhav-PC ~
$ echo -e "Hello\World"
Hello\World

Prof. Bapat@Jadhav-PC ~
$ echo -e "Hello\nWorld"
Hello
World

Prof. Bapat@Jadhav-PC ~
$ echo -e "Hello\tWorld"
Hello   World

Prof. Bapat@Jadhav-PC ~
$ echo *
ashu file nn.sh os os1 sh.sh t2.text t3.txt

d)Whoami Command--


Prof. Bapat@Jadhav-PC ~
$ whoami
Prof. Bapat

Prof. Bapat@Jadhav-PC ~
$ whoami --version
whoami (GNU coreutils) 8.26
Packaged by Cygwin (8.26-2)
Copyright (C) 2016 Free Software Foundation, Inc.
License GPLv3+: GNU GPL version 3 or later <http://gnu.org/licenses/gpl.html>.
This is free software: you are free to change and redistribute it.
There is NO WARRANTY, to the extent permitted by law.

Written by Richard Mlynarik.

Prof. Bapat@Jadhav-PC ~
$ whoami --help
Usage: whoami [OPTION]...
Print the user name associated with the current effective user ID.
Same as id -un.

      --help     display this help and exit
      --version  output version information and exit

GNU coreutils online help: <http://www.gnu.org/software/coreutils/>
Full documentation at: <http://www.gnu.org/software/coreutils/whoami>
or available locally via: info '(coreutils) whoami invocation'

e)Uname Command--



Prof. Bapat@Jadhav-PC ~
$ uname
CYGWIN_NT-10.0

Prof. Bapat@Jadhav-PC ~
$ uname -a
CYGWIN_NT-10.0 Jadhav-PC 3.1.7(0.340/5/3) 2020-08-22 17:48 x86_64 Cygwin

Prof. Bapat@Jadhav-PC ~
$ uname -r
3.1.7(0.340/5/3)

Prof. Bapat@Jadhav-PC ~
$ uname -s
CYGWIN_NT-10.0

Prof. Bapat@Jadhav-PC ~
$ uname -n
Jadhav-PC

Prof. Bapat@Jadhav-PC ~
$ uname -v
2020-08-22 17:48

Prof. Bapat@Jadhav-PC ~
$ uname -p
unknown

Prof. Bapat@Jadhav-PC ~
$ uname -i
unknown

Prof. Bapat@Jadhav-PC ~
$ uname -o
Cygwin

f)Sequence Command--


Prof. Bapat@Jadhav-PC ~
$ seq 9
1
2
3
4
5
6
7
8
9

Prof. Bapat@Jadhav-PC ~
$ seq 2 10
2
3
4
5
6
7
8
9
10

Prof. Bapat@Jadhav-PC ~
$ seq 10 10 100
10
20
30
40
50
60
70
80
90
100

Prof. Bapat@Jadhav-PC ~
$ seq -s " " 10
1 2 3 4 5 6 7 8 9 10

Prof. Bapat@Jadhav-PC ~
$ swq -s " " 2 10
-bash: swq: command not found

Prof. Bapat@Jadhav-PC ~
$ seq -s " " 2 10
2 3 4 5 6 7 8 9 10

Prof. Bapat@Jadhav-PC ~
$ seq -w 10
01
02
03
04
05
06
07
08
09
10

Prof. Bapat@Jadhav-PC ~
$ seq -w 10 50
10
11
12
13
14
15
16
17
18
19
20
21
22
23
24
25
26
27
28
29
30
31
32
33
34
35
36
37
38
39
40
41
42
43
44
45
46
47
48
49
50

Prof. Bapat@Jadhav-PC ~
$ seq 10 50 200
10
60
110
160

Q2.A) Create three directory a b and c and create a.txt,b.txt and c.txt
in each directory respectively and then copy c directory into the a.



Prof. Bapat@Jadhav-PC ~
$ mkdir a b c

Prof. Bapat@Jadhav-PC ~
$ ls
a  ashu  b  c  file  nn.sh  os  os1  sh.sh  t2.text  t3.txt

Prof. Bapat@Jadhav-PC ~
$ cd a

Prof. Bapat@Jadhav-PC ~/a
$ touch a.txt
 

Prof. Bapat@Jadhav-PC ~
$ cd b

Prof. Bapat@Jadhav-PC ~/a
$ touch b.txt

Prof. Bapat@Jadhav-PC ~
$ cd c

Prof. Bapat@Jadhav-PC ~/a
$ touch c.txt

Prof. Bapat@Jadhav-PC ~
$cp -R c a

B)Move Directory b to c.

Prof. Bapat@Jadhav-PC ~
$ mv b c

C)Create alias of ls -lh command to your name.


Prof. Bapat@Jadhav-PC ~
$ alias Ashruba="ls -lh"

Prof. Bapat@Jadhav-PC ~
$ Ashruba
total 3.0K
drwxr-xr-x+ 1 Prof. Bapat None  0 Sep 12 14:10 a
drwxr-xr-x+ 1 Prof. Bapat None  0 Sep  8 18:40 ashu
drwxr-xr-x+ 1 Prof. Bapat None  0 Sep 12 14:20 c
drwxr-xr-x+ 1 Prof. Bapat None  0 Sep  8 17:43 file
-rw-r--r--  1 Prof. Bapat None 58 Sep 10 12:37 nn.sh
drwxr-xr-x+ 1 Prof. Bapat None  0 Sep 10 12:18 os
drw-rw-rw-+ 1 Prof. Bapat None  0 Sep 10 13:17 os1
-rw-r--r--  1 Prof. Bapat None 89 Sep  8 18:47 sh.sh
-rw-r--r--  1 Prof. Bapat None 45 Sep 10 12:12 t2.text
-rw-r--r--  1 Prof. Bapat None  0 Sep 10 12:17 t3.txt

Prof. Bapat@Jadhav-PC ~
$ ls -lh
total 3.0K
drwxr-xr-x+ 1 Prof. Bapat None  0 Sep 12 14:10 a
drwxr-xr-x+ 1 Prof. Bapat None  0 Sep  8 18:40 ashu
drwxr-xr-x+ 1 Prof. Bapat None  0 Sep 12 14:20 c
drwxr-xr-x+ 1 Prof. Bapat None  0 Sep  8 17:43 file
-rw-r--r--  1 Prof. Bapat None 58 Sep 10 12:37 nn.sh
drwxr-xr-x+ 1 Prof. Bapat None  0 Sep 10 12:18 os
drw-rw-rw-+ 1 Prof. Bapat None  0 Sep 10 13:17 os1
-rw-r--r--  1 Prof. Bapat None 89 Sep  8 18:47 sh.sh
-rw-r--r--  1 Prof. Bapat None 45 Sep 10 12:12 t2.text
-rw-r--r--  1 Prof. Bapat None  0 Sep 10 12:17 t3.txt

D)Change Directory name a to cdac.
Prof. Bapat@Jadhav-PC ~
$ mv a cdac

 A) Create five files file1.txt , file2.txt ,file3.txt file4.txt and
file5.txt with some text inside it. Search for 's' character
inside all the files using grep command.
Also Use cat to view all file content together.


Prof. Bapat@Jadhav-PC ~
$ cat>file1.txt
Ashruba Jadhav


Prof. Bapat@Jadhav-PC ~
$ cat>file2.txt
Abhishek Agre

Prof. Bapat@Jadhav-PC ~
$ cat>file3.txt

Sun is Rising

Prof. Bapat@Jadhav-PC ~
$ cat>file.txt
 Rising Superstar

Prof. Bapat@Jadhav-PC ~
$ cat>file4.txt
Hello world

Prof. Bapat@Jadhav-PC ~
$ cat>file5,txt
I love to watch Movies

Prof. Bapat@Jadhav-PC ~
$ cat file1.txt file2.txt file3.txt file4.txt file5.txt
Ashruba Jadhav
Abhishek Agre
sun is rising
Hello world
I love to watch Movies


thunder@thunderstrom:~$ grep s *
grep: c: Is a directory
grep: cdac: Is a directory
file1.txt:Ashruba Jadhav
file2.txt:bhishek Agre
file3.txt:sun is rising
file4.txt:Hello world
file5.txt:I love to watch Movies
grep: os: Is a directory
grep: os1: Is a directory

B)Create file.txt using cat and edit that using nano editor.

Prof. Bapat@Jadhav-PC ~
$ cat>file6.txt
Hello How are you


Prof. Bapat@Jadhav-PC ~
$nano file6.txt
Prof. Bapat@Jadhav-PC ~
$cat file6.txt

Are you fine??

c)Create 5 empty files using touch command

Prof. Bapat@Jadhav-PC ~
$ touch a1 b1  c1 d1 e1

D)Remove previously created directory a , b and c

Prof. Bapat@Jadhav-PC ~
$ rm -r a
Prof. Bapat@Jadhav-PC ~
$ rm -r b
Prof. Bapat@Jadhav-PC ~
$ rm -r c

Q4. Create a file with some content using vi editor
a) Display the file using cat command
 Prof. Bapat@Jadhav-PC ~
$ vi os.txt

Prof. Bapat@Jadhav-PC ~
$ cat os.txt

Hello are you there?

b) Display line numbers along with content
Prof. Bapat@Jadhav-PC ~
$cat -n os.text
     1  Hello are you there?

c) Display the file in reverse order using tac

Prof. Bapat@Jadhav-PC ~
$ cat>as
Ashruba
C dac


Prof. Bapat@Jadhav-PC ~
$ cat as
Ashruba
C dac

Prof. Bapat@Jadhav-PC ~
$ tac as
C dac
Ashruba

d) Combine multiple files using cat command


Prof. Bapat@Jadhav-PC ~
$ cat os.txt >>abc.txt

Prof. Bapat@Jadhav-PC ~
$ cat abc.txt
hello i am there
Hello are you there?

Q5. Create Random some files and sub directories.
a) display files row wise, column wise, 1 per row


Prof. Bapat@Jadhav-PC ~
$ ls -1
a1
abc.txt
as
ashu
b1
c1
cdac
d1
e1
file
file.txt
file1.txt
file2.txt
file3.txt
file4.txt
file5,txt
file6.txt
nn.sh
os
os.txt
os1
sh.sh
t2.text
t3.txt

b) sort the files in ascending, descending order

Prof. Bapat@Jadhav-PC ~
$ ls -lS
total 7
-rw-r--r--  1 Prof. Bapat None 89 Sep  8 18:47 sh.sh
-rw-r--r--  1 Prof. Bapat None 58 Sep 10 12:37 nn.sh
-rw-r--r--  1 Prof. Bapat None 45 Sep 10 12:12 t2.text
-rw-r--r--  1 Prof. Bapat None 18 Sep 12 14:43 file6.txt
-rw-r--r--  1 Prof. Bapat None 15 Sep 12 14:57 as
-rw-r--r--  1 Prof. Bapat None 15 Sep 12 14:27 file1.txt
-rw-r--r--  1 Prof. Bapat None  1 Sep 12 14:28 file3.txt
-rw-r--r--  1 Prof. Bapat None  0 Sep 12 14:48 a1
-rw-r--r--  1 Prof. Bapat None  0 Sep 12 15:00 abc.txt
drwxr-xr-x+ 1 Prof. Bapat None  0 Sep  8 18:40 ashu
-rw-r--r--  1 Prof. Bapat None  0 Sep 12 14:48 b1
-rw-r--r--  1 Prof. Bapat None  0 Sep 12 14:48 c1
drwxr-xr-x+ 1 Prof. Bapat None  0 Sep 12 14:10 cdac
-rw-r--r--  1 Prof. Bapat None  0 Sep 12 14:48 d1
-rw-r--r--  1 Prof. Bapat None  0 Sep 12 14:48 e1
drwxr-xr-x+ 1 Prof. Bapat None  0 Sep  8 17:43 file
-rw-r--r--  1 Prof. Bapat None  0 Sep 12 14:29 file.txt
-rw-r--r--  1 Prof. Bapat None  0 Sep 12 14:27 file2.txt
-rw-r--r--  1 Prof. Bapat None  0 Sep 12 14:31 file4.txt
-rw-r--r--  1 Prof. Bapat None  0 Sep 12 14:32 file5,txt
drwxr-xr-x+ 1 Prof. Bapat None  0 Sep 10 12:18 os
-rw-r--r--  1 Prof. Bapat None  0 Sep 12 14:52 os.txt
drw-rw-rw-+ 1 Prof. Bapat None  0 Sep 10 13:17 os1
-rw-r--r--  1 Prof. Bapat None  0 Sep 10 12:17 t3.txt

Prof. Bapat@Jadhav-PC ~
$ ls -lSr
total 7
-rw-r--r--  1 Prof. Bapat None  0 Sep 10 12:17 t3.txt
drw-rw-rw-+ 1 Prof. Bapat None  0 Sep 10 13:17 os1
-rw-r--r--  1 Prof. Bapat None  0 Sep 12 14:52 os.txt
drwxr-xr-x+ 1 Prof. Bapat None  0 Sep 10 12:18 os
-rw-r--r--  1 Prof. Bapat None  0 Sep 12 14:32 file5,txt
-rw-r--r--  1 Prof. Bapat None  0 Sep 12 14:31 file4.txt
-rw-r--r--  1 Prof. Bapat None  0 Sep 12 14:27 file2.txt
-rw-r--r--  1 Prof. Bapat None  0 Sep 12 14:29 file.txt
drwxr-xr-x+ 1 Prof. Bapat None  0 Sep  8 17:43 file
-rw-r--r--  1 Prof. Bapat None  0 Sep 12 14:48 e1
-rw-r--r--  1 Prof. Bapat None  0 Sep 12 14:48 d1
drwxr-xr-x+ 1 Prof. Bapat None  0 Sep 12 14:10 cdac
-rw-r--r--  1 Prof. Bapat None  0 Sep 12 14:48 c1
-rw-r--r--  1 Prof. Bapat None  0 Sep 12 14:48 b1
drwxr-xr-x+ 1 Prof. Bapat None  0 Sep  8 18:40 ashu
-rw-r--r--  1 Prof. Bapat None  0 Sep 12 15:00 abc.txt
-rw-r--r--  1 Prof. Bapat None  0 Sep 12 14:48 a1
-rw-r--r--  1 Prof. Bapat None  1 Sep 12 14:28 file3.txt
-rw-r--r--  1 Prof. Bapat None 15 Sep 12 14:27 file1.txt
-rw-r--r--  1 Prof. Bapat None 15 Sep 12 14:57 as
-rw-r--r--  1 Prof. Bapat None 18 Sep 12 14:43 file6.txt
-rw-r--r--  1 Prof. Bapat None 45 Sep 10 12:12 t2.text
-rw-r--r--  1 Prof. Bapat None 58 Sep 10 12:37 nn.sh
-rw-r--r--  1 Prof. Bapat None 89 Sep  8 18:47 sh.sh

c) Create some hidden files and sub directories and display them using ls -a

Prof. Bapat@Jadhav-PC ~
$ cat>.abc
This is Hidden files
Prof. Bapat@Jadhav-PC ~
$ ls -a
.              .bashrc       abc.txt  d1         file3.txt  os.txt
..             .inputrc      as       e1         file4.txt  os1
.abc           .main.c.swp   ashu     file       file5,txt  sh.sh
.amin.c.swp    .profile      b1       file.txt   file6.txt  t2.text
.bash_history  .shel.sh.swp  c1       file1.txt  nn.sh      t3.txt
.bash_profile  a1            cdac     file2.txt  os

e) Recursive display contents of your home directory.

Prof. Bapat@Jadhav-PC ~
$ ls -lrS
total 7
-rw-r--r--  1 Prof. Bapat None  0 Sep 10 12:17 t3.txt
drw-rw-rw-+ 1 Prof. Bapat None  0 Sep 10 13:17 os1
-rw-r--r--  1 Prof. Bapat None  0 Sep 12 14:52 os.txt
drwxr-xr-x+ 1 Prof. Bapat None  0 Sep 10 12:18 os
-rw-r--r--  1 Prof. Bapat None  0 Sep 12 14:32 file5,txt
-rw-r--r--  1 Prof. Bapat None  0 Sep 12 14:31 file4.txt
-rw-r--r--  1 Prof. Bapat None  0 Sep 12 14:27 file2.txt
-rw-r--r--  1 Prof. Bapat None  0 Sep 12 14:29 file.txt
drwxr-xr-x+ 1 Prof. Bapat None  0 Sep  8 17:43 file
-rw-r--r--  1 Prof. Bapat None  0 Sep 12 14:48 e1
-rw-r--r--  1 Prof. Bapat None  0 Sep 12 14:48 d1
drwxr-xr-x+ 1 Prof. Bapat None  0 Sep 12 14:10 cdac
-rw-r--r--  1 Prof. Bapat None  0 Sep 12 14:48 c1
-rw-r--r--  1 Prof. Bapat None  0 Sep 12 14:48 b1
drwxr-xr-x+ 1 Prof. Bapat None  0 Sep  8 18:40 ashu
-rw-r--r--  1 Prof. Bapat None  0 Sep 12 15:00 abc.txt
-rw-r--r--  1 Prof. Bapat None  0 Sep 12 14:48 a1
-rw-r--r--  1 Prof. Bapat None  1 Sep 12 14:28 file3.txt
-rw-r--r--  1 Prof. Bapat None 15 Sep 12 14:27 file1.txt
-rw-r--r--  1 Prof. Bapat None 15 Sep 12 14:57 as
-rw-r--r--  1 Prof. Bapat None 18 Sep 12 14:43 file6.txt
-rw-r--r--  1 Prof. Bapat None 45 Sep 10 12:12 t2.text
-rw-r--r--  1 Prof. Bapat None 58 Sep 10 12:37 nn.sh
-rw-r--r--  1 Prof. Bapat None 89 Sep  8 18:47 sh.sh
f) display all attributes of files and directories using ls -l
Prof. Bapat@Jadhav-PC ~
$ ls -l
total 7
-rw-r--r--  1 Prof. Bapat None  0 Sep 12 14:48 a1
-rw-r--r--  1 Prof. Bapat None  0 Sep 12 15:00 abc.txt
-rw-r--r--  1 Prof. Bapat None 15 Sep 12 14:57 as
drwxr-xr-x+ 1 Prof. Bapat None  0 Sep  8 18:40 ashu
-rw-r--r--  1 Prof. Bapat None  0 Sep 12 14:48 b1
-rw-r--r--  1 Prof. Bapat None  0 Sep 12 14:48 c1
drwxr-xr-x+ 1 Prof. Bapat None  0 Sep 12 14:10 cdac
-rw-r--r--  1 Prof. Bapat None  0 Sep 12 14:48 d1
-rw-r--r--  1 Prof. Bapat None  0 Sep 12 14:48 e1
drwxr-xr-x+ 1 Prof. Bapat None  0 Sep  8 17:43 file
-rw-r--r--  1 Prof. Bapat None  0 Sep 12 14:29 file.txt
-rw-r--r--  1 Prof. Bapat None 15 Sep 12 14:27 file1.txt
-rw-r--r--  1 Prof. Bapat None  0 Sep 12 14:27 file2.txt
-rw-r--r--  1 Prof. Bapat None  1 Sep 12 14:28 file3.txt
-rw-r--r--  1 Prof. Bapat None  0 Sep 12 14:31 file4.txt
-rw-r--r--  1 Prof. Bapat None  0 Sep 12 14:32 file5,txt
-rw-r--r--  1 Prof. Bapat None 18 Sep 12 14:43 file6.txt
-rw-r--r--  1 Prof. Bapat None 58 Sep 10 12:37 nn.sh
drwxr-xr-x+ 1 Prof. Bapat None  0 Sep 10 12:18 os
-rw-r--r--  1 Prof. Bapat None  0 Sep 12 14:52 os.txt
drw-rw-rw-+ 1 Prof. Bapat None  0 Sep 10 13:17 os1
-rw-r--r--  1 Prof. Bapat None 89 Sep  8 18:47 sh.sh
-rw-r--r--  1 Prof. Bapat None 45 Sep 10 12:12 t2.text
-rw-r--r--  1 Prof. Bapat None  0 Sep 10 12:17 t3.txt
Q1. Create directory of your name and then create 4 files inside it named
	a.txt, b.txt, c.txt and d.sh. And change the directory permission to
	only user and also files permission to only user such that
a)user can read and write the file a.txt and b.txt
Prof. Bapat@Jadhav-PC ~
$ mkdir Ashruba

Prof. Bapat@Jadhav-PC ~
$ cd Ashruba

Prof. Bapat@Jadhav-PC ~/Ashruba
$ touch a.txt b.txt c.txt and d.sh

Prof. Bapat@Jadhav-PC ~/Ashruba
$ chmod 700 a.txt

Prof. Bapat@Jadhav-PC ~/Ashruba
$ chmod 700 b.txt
b)user can write the file c.txt
Prof. Bapat@Jadhav-PC ~/Ashruba
$ chmod u-r c.txt

c)user can exectuable the file d.sh. Make
Contents of file d.sh:
#/bin/sh
ls -lh
Prof. Bapat@Jadhav-PC ~/Ashruba
$vi d.sh 
Q2. Change the permission of the previous directory to executable only.
Analyze the output.

Prof. Bapat@Jadhav-PC ~/Ashruba
$ chmod u=x d.sh

Prof. Bapat@Jadhav-PC ~/Ashruba
$ ls -l
total 0
-rwx------ 1 Prof. Bapat None 0 Sep 12 15:21 a.txt
-rw-r--r-- 1 Prof. Bapat None 0 Sep 12 15:21 and
-rwx------ 1 Prof. Bapat None 0 Sep 12 15:21 b.txt
--w-r--r-- 1 Prof. Bapat None 0 Sep 12 15:21 c.txt
---xr--r-- 1 Prof. Bapat None 0 Sep 12 15:21 d.sh
Qch3) Change the permission of the previous directory to read only.
Analyze the output.


Prof. Bapat@Jadhav-PC ~/Ashruba
$ chmod u=r d.sh

Prof. Bapat@Jadhav-PC ~/Ashruba
$ ls -l
total 0
-rwx------ 1 Prof. Bapat None 0 Sep 12 15:21 a.txt
-rw-r--r-- 1 Prof. Bapat None 0 Sep 12 15:21 and
-rwx------ 1 Prof. Bapat None 0 Sep 12 15:21 b.txt
--w-r--r-- 1 Prof. Bapat None 0 Sep 12 15:21 c.txt
-r--r--r-- 1 Prof. Bapat None 0 Sep 12 15:21 d.sh

Q4. Use echo to list the all files of your home directory.
Prof. Bapat@Jadhav-PC ~
$ echo *
a1 abc.txt as Ashruba ashu b1 c1 cdac d1 e1 file file.txt file1.txt file2.txt file3.txt file4.txt file5,txt file6.txt nn.sh os os.txt os1 sh.sh t2.text t3.txt

Q5. Use echo to list the all files of /etc/ directory
Prof. Bapat@Jadhav-PC:/etc ~
$ echo *

Q6. Use echo to list the all files of /etc/ directory with extension name .conf
Prof. Bapat@Jadhav-PC:/etc ~
$ echo *.conf
adduser.conf ca-certificates.conf debconf.conf deluser.conf e2scrub.conf fuse.conf gai.conf hdparm.conf host.conf kernel-img.conf ld.so.conf libaudit.conf logrotate.conf ltrace.conf mke2fs.conf multipath.conf nsswitch.conf overlayroot.conf overlayroot.local.conf pam.conf popularity-contest.conf resolv.conf rsyslog.conf sensors3.conf sos.conf sysctl.conf ucf.conf xattr.conf

Q7. Use echo to append your name to a.txt
Prof. Bapat@Jadhav-PC ~
$echo echo Ashruba>> a.txt

1.Create Three level nested directory a,b and c


Prof. Bapat@Jadhav-PC ~
$ mkdir a b c


a)Create at least one hidden file in each directory

Prof. Bapat@Jadhav-PC ~
$ cd a

Prof. Bapat@Jadhav-PC ~/a
$ touch .h1

Prof. Bapat@Jadhav-PC ~/a
$ cd ~

Prof. Bapat@Jadhav-PC ~
$ cd b

Prof. Bapat@Jadhav-PC ~/b
$ touch .h2

Prof. Bapat@Jadhav-PC ~/b
$ cd ~

Prof. Bapat@Jadhav-PC ~
$ cd c

Prof. Bapat@Jadhav-PC ~/c
$ touch .h3
b)Create at least one normal text file in each directory

Prof. Bapat@Jadhav-PC ~/c
$ touch n3

Prof. Bapat@Jadhav-PC ~/c
$ cd ~

Prof. Bapat@Jadhav-PC ~
$ cd b

Prof. Bapat@Jadhav-PC ~/b
$ touch n2

Prof. Bapat@Jadhav-PC ~/b
$ cd ~

Prof. Bapat@Jadhav-PC ~
$ cd a

Prof. Bapat@Jadhav-PC ~/a
$ touch n1

c)Copy c into a
Prof. Bapat@Jadhav-PC ~
$ cp -R c a


d)Copy file inside a into b
Prof. Bapat@Jadhav-PC ~
$ cp -r b/n2 a


2.Change the third level directory c permission to read only

Prof. Bapat@Jadhav-PC ~
$ chmod  a=r c


Prof. Bapat@Jadhav-PC ~
$ ls -l
total 7
drwxr-xr-x+ 1 Prof. Bapat None  0 Sep 12 15:44 a
-rw-r--r--  1 Prof. Bapat None  0 Sep 12 14:48 a1
-rw-r--r--  1 Prof. Bapat None  0 Sep 12 15:00 abc.txt
-rw-r--r--  1 Prof. Bapat None 15 Sep 12 14:57 as
drwxr-xr-x+ 1 Prof. Bapat None  0 Sep 12 15:21 Ashruba
drwxr-xr-x+ 1 Prof. Bapat None  0 Sep  8 18:40 ashu
drwxr-xr-x+ 1 Prof. Bapat None  0 Sep 12 15:42 b
-rw-r--r--  1 Prof. Bapat None  0 Sep 12 14:48 b1
dr--r--r--+ 1 Prof. Bapat None  0 Sep 12 15:41 c
-rw-r--r--  1 Prof. Bapat None  0 Sep 12 14:48 c1
drwxr-xr-x+ 1 Prof. Bapat None  0 Sep 12 14:10 cdac
-rw-r--r--  1 Prof. Bapat None  0 Sep 12 14:48 d1
-rw-r--r--  1 Prof. Bapat None  0 Sep 12 14:48 e1
drwxr-xr-x+ 1 Prof. Bapat None  0 Sep  8 17:43 file
-rw-r--r--  1 Prof. Bapat None  0 Sep 12 14:29 file.txt
-rw-r--r--  1 Prof. Bapat None 15 Sep 12 14:27 file1.txt
-rw-r--r--  1 Prof. Bapat None  0 Sep 12 14:27 file2.txt
-rw-r--r--  1 Prof. Bapat None  1 Sep 12 14:28 file3.txt
-rw-r--r--  1 Prof. Bapat None  0 Sep 12 14:31 file4.txt
-rw-r--r--  1 Prof. Bapat None  0 Sep 12 14:32 file5,txt
-rw-r--r--  1 Prof. Bapat None 18 Sep 12 14:43 file6.txt
-rw-r--r--  1 Prof. Bapat None 58 Sep 10 12:37 nn.sh
drwxr-xr-x+ 1 Prof. Bapat None  0 Sep 10 12:18 os
-rw-r--r--  1 Prof. Bapat None  0 Sep 12 14:52 os.txt
drw-rw-rw-+ 1 Prof. Bapat None  0 Sep 10 13:17 os1
-rw-r--r--  1 Prof. Bapat None 89 Sep  8 18:47 sh.sh
-rw-r--r--  1 Prof. Bapat None 45 Sep 10 12:12 t2.text
-rw-r--r--  1 Prof. Bapat None  0 Sep 10 12:17 t3.txt


3.Try copying third level c directory to outside of a
Prof. Bapat@Jadhav-PC ~
$cp -r c b
cp: cannot stat 'c/.h3': Permission denied
cp: cannot stat 'c/n3': Permission denied

4.Create the directory  data inside b
Prof. Bapat@Jadhav-PC ~
$ cd b
Prof. Bapat@Jadhav-PC ~
$ mkdir data

5.Change the permission of b to read and write only
Prof. Bapat@Jadhav-PC ~
$ chmod a=rw b

6.Create directory data2  inside b
Prof. Bapat@Jadhav-PC ~
$ cd b
-bash: cd: b: Permission denied
thunder@thunderstrom:~$ mkdir b/data2
mkdir: cannot create directory b/data2: Permission denied

7.Create data.txt file inside b
Prof. Bapat@Jadhav-PC ~
$ touch b/data.txt
touch: cannot touch 'b/data.txt': Permission denied

8.Rename the second level directory c to copied_dir
Prof. Bapat@Jadhav-PC ~
$ mv c copied_dir

9.Change permission of copied_dir to only executable
Prof. Bapat@Jadhav-PC ~
$ chmod a=x copied_dir

10.Try ls on copied_dir
Prof. Bapat@Jadhav-PC ~
$ ls
ls: cannot open directory '.': Permission denied

11.Try moving copied_dir to outside of a
Prof. Bapat@Jadhav-PC ~
$ mv copied_dir c

12.Try moving data directory outside of a
Prof. Bapat@Jadhav-PC ~
$ mv data c
mv: cannot stat 'data': No such file or directory

13.Now change the owner of the directory a to root
Prof. Bapat@Jadhav-PC ~
$chown Tushar root
chown: cannot access 'root': No such file or directory

14.Change permission of a to read write and executable to only user
Prof. Bapat@Jadhav-PC ~
$ chmod u=rwx a
drwx------ 1 Ashruba Ashurba 4096 Sep 10 15:49 a

15.Try creating directory sample inside a
Prof. Bapat@Jadhav-PC ~
$ mkdir Sample

16.Create directory x outside a
Prof. Bapat@Jadhav-PC ~
$ mkdir X
Prof. Bapat@Jadhav-PC ~
$ ls
Ashruba X  a  b  file.txt  file1.txt  file2.txt  file3.txt  file4.txt  file5.txt  

17.Try moving x inside a
Prof. Bapat@Jadhav-PC ~
$ mv X a
Prof. Bapat@Jadhav-PC ~
$ ls
Sample  X  b  c  n1  n2

18.Create directory movies
Prof. Bapat@Jadhav-PC ~
$ mkdir movies
Prof. Bapat@Jadhav-PC ~
$ ls
Ashruba a  b  file.txt  file1.txt  file2.txt  file3.txt  file4.txt  file5.txt  movies

19.Change group of movies to sudo
Prof. Bapat@Jadhav-PC ~
$ groupadd movies
groupadd: Permission denied.
groupadd: cannot lock /etc/group; try again later.

20.Change group of movies to avahi
Prof. Bapat@Jadhav-PC ~
$ groupadd movies
groupadd: Permission denied.
groupadd: cannot lock /etc/group; try again later.

25.Try deleting the file
Prof. Bapat@Jadhav-PC ~
$rm -r a b
Prof. Bapat@Jadhav-PC ~
$ ls
Ashruba  file.txt  file1.txt  file2.txt  file3.txt  file4.txt  file5.txt










